[2026-05-19T02:03:04.303Z] [SKIP] Tarea ya resuelta, omitida: "ADA 1 está en fecha de entrega" (taskId=06615746-6038-45f0-855d-bde26dad647f)
[2026-05-19T02:03:04.889Z] [SKIP] Tarea de asistencia omitida: "Lista de Asistencia (Parcial 01)" (taskId=c98198ad-6656-4ecb-b4bb-25392eae5322)
[2026-05-19T02:03:05.444Z] [SKIP] Tarea de asistencia omitida: "Lista de Asistencia (Parcial 01)" (taskId=4ad4e4a0-c993-4ff3-8ac7-fe427e4b50e8)
[2026-05-19T02:03:06.000Z] [SKIP] Tarea de asistencia omitida: "Lista de Asistencia (Parcial 01)" (taskId=396af1db-aecf-4b12-96e1-7a6fcf4ae348)
[2026-05-19T02:03:36.249Z] [SOLUTION] Solución generada para: "ADA 01. INVESTIGACIÓN DE EMPRESAS QUE UTILIZAN ENTORNOS VIRTUALIZADOS está en fecha de entrega" (taskId=75e6bfb3-75cc-4326-9180-9c6f24ac83fe, taskType=OTHER, contentLength=12811)
[2026-05-19T02:03:36.802Z] [SKIP] Tarea de asistencia omitida: "Lista de Asistencia (Parcial 01)" (taskId=fa5f96da-33e5-429c-84f5-f71bf99d92f8)
[2026-05-19T02:03:37.354Z] [SKIP] Tarea de asistencia omitida: "Lista de Asistencia (Parcial 01)" (taskId=d6ce2ac3-3e33-4180-94e0-203a4c459f49)
[2026-05-19T02:03:39.955Z] [SOLUTION] Solución generada para: "ADA 02. INVESTIGACIÓN DE EMPRESAS QUE PRESTAN SERVICIOS SaaS Y PaaS está en fecha de entrega" (taskId=091440f6-575c-4939-9cac-b0e1bc03d73c, taskType=OTHER, contentLength=252)
[2026-05-19T02:03:40.514Z] [SKIP] Tarea de asistencia omitida: "Lista de Asistencia (Parcial 01)" (taskId=b2c80cde-8484-4de2-afc1-855d541ff0ae)
[2026-05-19T02:03:41.070Z] [SKIP] Tarea de asistencia omitida: "Lista de Asistencia (Parcial 01)" (taskId=8695c339-252b-4305-b3a4-1af5e37f3b5c)
[2026-05-19T02:03:41.625Z] [SKIP] Tarea de asistencia omitida: "Lista de Asistencia (Parcial 01)" (taskId=6ef89a0b-cf08-4a16-9b60-ec5c422f31b1)
[2026-05-22T23:57:29.520Z] [SKIP] Tarea de asistencia omitida: "Lista de Asistencia (Parcial 01)" (taskId=c98198ad-6656-4ecb-b4bb-25392eae5322)
[2026-05-22T23:57:30.145Z] [SKIP] Tarea de asistencia omitida: "ASISTENCIA SESION 5" (taskId=55e0f291-30c8-4881-992f-eb4a63f2d446)
[2026-05-22T23:57:34.010Z] [SOLUTION] Solución generada para: "Actividad 1.3 está en fecha de entrega" (taskId=b4ea4905-9baa-4d50-aa65-9505ccf6e6f6, taskType=OTHER, contentLength=100)
[2026-05-22T23:57:35.147Z] [SKIP] Tarea de asistencia omitida: "ASISTENCIA SESION 6" (taskId=2b2cd80c-70c0-4e18-b231-f8602d7c70ad)
[2026-05-22T23:57:35.430Z] [SKIP] Tarea de asistencia omitida: "Lista de Asistencia (Parcial 01)" (taskId=4ad4e4a0-c993-4ff3-8ac7-fe427e4b50e8)
[2026-05-22T23:57:35.810Z] [SKIP] Tarea de asistencia omitida: "Lista de Asistencia (Parcial 01)" (taskId=396af1db-aecf-4b12-96e1-7a6fcf4ae348)
[2026-05-22T23:57:36.621Z] [SKIP] Tarea ya resuelta, omitida: "ADA 01. INVESTIGACIÓN DE EMPRESAS QUE UTILIZAN ENTORNOS VIRTUALIZADOS está en fecha de entrega" (taskId=75e6bfb3-75cc-4326-9180-9c6f24ac83fe)
[2026-05-22T23:57:39.634Z] [SOLUTION] Solución generada para: "ADA2. Paradigmas de la investigación está en fecha de entrega" (taskId=f7abb623-9dfe-43d2-a7ea-666ff19083af, taskType=OTHER, contentLength=100)
[2026-05-22T23:57:39.892Z] [SKIP] Tarea de asistencia omitida: "Lista de Asistencia (Parcial 01)" (taskId=fa5f96da-33e5-429c-84f5-f71bf99d92f8)
[2026-05-22T23:57:40.087Z] [SKIP] Tarea de asistencia omitida: "Lista de Asistencia (Parcial 01)" (taskId=d6ce2ac3-3e33-4180-94e0-203a4c459f49)
[2026-05-22T23:57:40.476Z] [SKIP] Tarea ya resuelta, omitida: "ADA 02. INVESTIGACIÓN DE EMPRESAS QUE PRESTAN SERVICIOS SaaS Y PaaS está en fecha de entrega" (taskId=091440f6-575c-4939-9cac-b0e1bc03d73c)
[2026-05-22T23:57:40.977Z] [SKIP] Tarea de asistencia omitida: "Lista de Asistencia (Parcial 01)" (taskId=b2c80cde-8484-4de2-afc1-855d541ff0ae)
[2026-05-22T23:57:41.175Z] [SKIP] Tarea de asistencia omitida: "Lista de Asistencia (Parcial 01)" (taskId=8695c339-252b-4305-b3a4-1af5e37f3b5c)
[2026-05-22T23:57:41.373Z] [SKIP] Tarea de asistencia omitida: "Lista de Asistencia (Parcial 01)" (taskId=6ef89a0b-cf08-4a16-9b60-ec5c422f31b1)
